// Jest Snapshot v1, https://goo.gl/fbAQLP

exports[`should render the area with capitalize on first letter 1`] = `
<p
  class="text-white tracking-wide text-sm opacity-75 font-light"
>
  <span
    class="font-normal"
  >
    Region : 
  </span>
  Kanto
</p>
`;
